// Jest Snapshot v1, https://goo.gl/fbAQLP

exports[`<GoTop /> should match snapshot 1`] = `
.c0 {
  position: fixed;
  background: #0A1128;
  color: #FFFFFF;
  display: flex;
  align-items: center;
  justify-content: center;
  width: 4rem;
  height: 4rem;
  bottom: 2rem;
  right: 2rem;
  border-radius: 50%;
  z-index: 6;
  opacity: 0.7;
  transition: all 0.3s ease;
  cursor: pointer;
  -webkit-tap-highlight-color: transparent;
  touch-action: manipulation;
}

.c0:hover {
  opacity: 1;
  transform: scale(1.05);
}

.c1 {
  display: inline-block;
  vertical-align: middle;
  overflow: hidden;
}

@media (max-width:768px) {
  .c0 {
    width: 3.5rem;
    height: 3.5rem;
    bottom: 1.5rem;
    right: 1.5rem;
  }
}

<a
  aria-label="Go to top"
  class="c0"
  href="#"
>
  <svg
    aria-hidden="true"
    class="c1"
    fill="currentColor"
    focusable="false"
    height="24"
    viewBox="0 0 24 24"
    width="24"
    xmlns="http://www.w3.org/2000/svg"
  >
    <path
      d="M7.41 15.41 12 10.83l4.59 4.58L18 14l-6-6-6 6z"
    />
  </svg>
   
</a>
`;
