// Jest Snapshot v1, https://goo.gl/fbAQLP

exports[`<MenuLink /> should match snapshot 1`] = `
.c0 {
  display: block;
  text-decoration: none;
  font-size: 1.6rem;
  padding: 0.8rem;
  color: #0A1128;
  position: relative;
  text-transform: uppercase;
}

.c0::after {
  content: '';
  position: absolute;
  bottom: 0.5rem;
  left: 50%;
  width: 0;
  height: 0.2rem;
  background-color: #dc143c;
  transition: all 300ms ease-in-out;
}

.c0:hover::after {
  left: 25%;
  width: 50%;
}

@media (max-width: 768px) {
  .c0 {
    font-size: 2.4rem;
    padding: 2.4rem;
    text-align: center;
    min-height: 44px;
    display: block;
    width: 100%;
  }

  .c0::after {
    bottom: 0.5rem;
    width: 0;
  }

  .c0:hover::after {
    left: 25%;
    width: 50%;
  }
}

<a
  class="c0"
  href="https://www.google.com"
  rel=""
  target="_self"
>
  Children
</a>
`;
