// Jest Snapshot v1, https://goo.gl/fbAQLP

exports[`<GridTwoCollumns /> should render two columns grid 1`] = `
.c4 {
  color: #0A1128;
  background: transparent;
  padding: 1rem;
  font-size: 6.4rem;
  text-transform: uppercase;
}

.c2 {
  display: grid;
  grid-template-columns: 1fr 1fr;
  align-items: center;
  gap: 3.2rem;
  width: 100%;
  max-width: 1200px;
  margin: 0 auto;
  padding: 3.2rem;
  background: transparent;
  color: #0A1128;
  transition: all 300ms ease-in-out;
}

.c2 [object Object] {
  color: #000000;
  margin-bottom: 2.4rem;
  font-size: 4.8rem;
  font-weight: 700;
  text-transform: uppercase;
  line-height: 1.2;
  white-space: nowrap;
  overflow: hidden;
  text-overflow: ellipsis;
}

.c3 {
  font-family: 'Open Sans',sans-serif;
}

.c6 {
  width: 100%;
  max-width: 400px;
  height: auto;
  border-radius: 0.8rem;
  filter: none;
  transition: filter 300ms ease-in-out;
}

.c0 {
  font-family: 'Open Sans',sans-serif;
  background: #FFFFFF;
  color: #0A1128;
  min-height: 100vh;
  display: flex;
  align-items: center;
}

.c1 {
  max-width: 120rem;
  margin: 0 auto;
  padding: 3.2rem;
}

.c5 {
  font-size: 2.4rem;
}

@media (max-width:768px) {
  .c4 {
    font-size: 4.0rem;
  }
}

@media (max-width: 768px) {
  .c2 {
    grid-template-columns: 1fr;
    text-align: center;
    gap: 2.4rem;
  }
}

@media (max-width: 480px) {
  .c2 {
    padding: 2.4rem 1.6rem;
  }
}

@media (max-width: 428px) {
  .c2 {
    padding: 1.6rem 0.8rem;
    gap: 1.6rem;
  }
}

@media (max-width:325px) and (max-height:852px) {
  .c2 {
    padding: 0.8rem 0.4rem;
    gap: 0.8rem;
  }
}

@media (max-width: 768px) {
  .c2 [object Object] {
    font-size: 4.0rem;
    margin-bottom: 1.6rem;
    white-space: normal;
  }
}

@media (max-width: 480px) {
  .c2 [object Object] {
    font-size: 3.2rem;
    margin-bottom: 1.6rem;
  }
}

@media (max-width: 428px) {
  .c2 [object Object] {
    font-size: 3.2rem;
    margin-bottom: 0.8rem;
    white-space: nowrap;
    letter-spacing: -0.5px;
    padding: 0 0.8rem;
  }
}

@media (max-width:325px) and (max-height:852px) {
  .c2 [object Object] {
    font-size: 2.4rem;
    margin-bottom: 0.8rem;
    letter-spacing: -0.3px;
    background: red;
  }
}

@media (max-width: 768px) {
  .c6 {
    max-width: 350px;
  }
}

@media (max-width: 480px) {
  .c6 {
    max-width: 280px;
  }
}

@media (max-width: 428px) {
  .c6 {
    max-width: 220px;
    margin: 0 auto;
    display: block;
  }
}

@media (max-width:325px) and (max-height:852px) {
  .c6 {
    max-width: 180px;
  }
}

<div>
  <div
    class="c0"
  >
    <div
      class="c1"
    >
      <div
        class="c2"
      >
        <div
          class="c3"
        >
          <h2
            class="c4"
          >
            Grid Two Collumns
          </h2>
          <div
            class="c5"
          >
            Lorem ipsum dolor sit amet consectetur adipisicing elit. Quisquam, quos.
          </div>
        </div>
        <img
          alt="Grid Two Collumns"
          class="c6"
          src="public/assets/images/javascript.svg"
        />
      </div>
    </div>
  </div>
</div>
`;
