// Jest Snapshot v1, https://goo.gl/fbAQLP

exports[`<Footer /> should render 1`] = `
.c2 {
  max-width: 120rem;
  margin: 0 auto;
  padding: 3.2rem;
}

.c0 {
  font-family: 'Open Sans',sans-serif;
  text-align: center;
  font-size: 1.6rem;
  border-top: 0.1rem solid #DDDDDD;
}

.c0 a {
  color: inherit;
  text-decoration: none;
}

.c0 .c1 {
  padding-top: 0;
  padding-bottom: 0;
}

<div>
  <footer
    class="c0"
  >
    <div
      class="c1 c2"
    >
      <div>
        <h1>
          Ol√°
        </h1>
      </div>
    </div>
  </footer>
</div>
`;
