// Jest Snapshot v1, https://goo.gl/fbAQLP

exports[`<GridImage /> should render with background 1`] = `
.c3 {
  color: #0A1128;
  background: transparent;
  padding: 1rem;
  font-size: 6.4rem;
  text-transform: uppercase;
}

.c0 {
  font-family: 'Open Sans',sans-serif;
  background: #FFFFFF;
  color: #0A1128;
  min-height: 100vh;
  display: flex;
  align-items: center;
}

.c1 {
  max-width: 120rem;
  margin: 0 auto;
  padding: 3.2rem;
}

.c5 {
  font-size: 2.4rem;
}

.c2 {
  font-family: 'Open Sans',sans-serif;
}

.c2 >.c4 {
  margin-bottom: 6.4rem;
}

.c6 {
  display: grid;
  grid-template-columns: repeat(auto-fill,minmax(280px,1fr));
  gap: 3.2rem;
}

.c7 {
  font-family: 'Open Sans',sans-serif;
  overflow: hidden;
}

.c8 {
  font-family: 'Open Sans',sans-serif;
  width: 100%;
  transition: all 300ms ease-in-out;
}

.c8:hover {
  transform: scale(1.2) rotate(10deg);
}

@media (max-width:768px) {
  .c3 {
    font-size: 4.0rem;
  }
}

<div>
  <div
    class="c0"
  >
    <div
      class="c1"
    >
      <div
        class="c2"
      >
        <h2
          class="c3"
        >
          My grid
        </h2>
        <div
          class="c4 c5"
        >
          Atque doloribus nobis laudantium esse ut, non commodi maxime distinctio veritatis unde
        </div>
        <div
          class="c6"
        >
          <div
            class="c7"
          >
            <img
              alt="Teste 1"
              class="c8"
              src="https://storage.googleapis.com/medium-feed.appspot.com/images%2F9353691196%2F2f49650ed42b1-Para-que-e-usado-o-JavaScript.jpg?r=1"
            />
          </div>
          <div
            class="c7"
          >
            <img
              alt="Teste 2"
              class="c8"
              src="https://devsagaz.com.br/content/images/2023/05/Ekran-Resmi-2019-11-18-18.08.13.png?r=2"
            />
          </div>
          <div
            class="c7"
          >
            <img
              alt="Teste 3"
              class="c8"
              src="https://mms.businesswire.com/media/20200520005179/en/792790/23/Logo.WhiteBackground.jpg?r=3"
            />
          </div>
          <div
            class="c7"
          >
            <img
              alt="Teste 4"
              class="c8"
              src="https://upload.wikimedia.org/wikipedia/commons/d/d9/Node.js_logo.svg?r=4"
            />
          </div>
          <div
            class="c7"
          >
            <img
              alt="Teste 5"
              class="c8"
              src="https://blog.codapp.com.br/wp-content/uploads/2022/05/capa.jpg?r=5"
            />
          </div>
          <div
            class="c7"
          >
            <img
              alt="Teste 6"
              class="c8"
              src="https://learn.microsoft.com/pt-br/shows/visual-studio-code/media/visual-studio-code-banner-image.jpg?r=6"
            />
          </div>
        </div>
      </div>
    </div>
  </div>
</div>
`;

exports[`<GridImage /> should render without background 1`] = `
.c3 {
  color: #0A1128;
  background: transparent;
  padding: 1rem;
  font-size: 6.4rem;
  text-transform: uppercase;
}

.c0 {
  font-family: 'Open Sans',sans-serif;
  background: #FFFFFF;
  color: #0A1128;
  min-height: 100vh;
  display: flex;
  align-items: center;
}

.c1 {
  max-width: 120rem;
  margin: 0 auto;
  padding: 3.2rem;
}

.c5 {
  font-size: 2.4rem;
}

.c2 {
  font-family: 'Open Sans',sans-serif;
}

.c2 >.c4 {
  margin-bottom: 6.4rem;
}

.c6 {
  display: grid;
  grid-template-columns: repeat(auto-fill,minmax(280px,1fr));
  gap: 3.2rem;
}

.c7 {
  font-family: 'Open Sans',sans-serif;
  overflow: hidden;
}

.c8 {
  font-family: 'Open Sans',sans-serif;
  width: 100%;
  transition: all 300ms ease-in-out;
}

.c8:hover {
  transform: scale(1.2) rotate(10deg);
}

@media (max-width:768px) {
  .c3 {
    font-size: 4.0rem;
  }
}

<div>
  <div
    class="c0"
  >
    <div
      class="c1"
    >
      <div
        class="c2"
      >
        <h2
          class="c3"
        >
          My grid
        </h2>
        <div
          class="c4 c5"
        >
          Atque doloribus nobis laudantium esse ut, non commodi maxime distinctio veritatis unde
        </div>
        <div
          class="c6"
        >
          <div
            class="c7"
          >
            <img
              alt="Teste 1"
              class="c8"
              src="https://storage.googleapis.com/medium-feed.appspot.com/images%2F9353691196%2F2f49650ed42b1-Para-que-e-usado-o-JavaScript.jpg?r=1"
            />
          </div>
          <div
            class="c7"
          >
            <img
              alt="Teste 2"
              class="c8"
              src="https://devsagaz.com.br/content/images/2023/05/Ekran-Resmi-2019-11-18-18.08.13.png?r=2"
            />
          </div>
          <div
            class="c7"
          >
            <img
              alt="Teste 3"
              class="c8"
              src="https://mms.businesswire.com/media/20200520005179/en/792790/23/Logo.WhiteBackground.jpg?r=3"
            />
          </div>
          <div
            class="c7"
          >
            <img
              alt="Teste 4"
              class="c8"
              src="https://upload.wikimedia.org/wikipedia/commons/d/d9/Node.js_logo.svg?r=4"
            />
          </div>
          <div
            class="c7"
          >
            <img
              alt="Teste 5"
              class="c8"
              src="https://blog.codapp.com.br/wp-content/uploads/2022/05/capa.jpg?r=5"
            />
          </div>
          <div
            class="c7"
          >
            <img
              alt="Teste 6"
              class="c8"
              src="https://learn.microsoft.com/pt-br/shows/visual-studio-code/media/visual-studio-code-banner-image.jpg?r=6"
            />
          </div>
        </div>
      </div>
    </div>
  </div>
</div>
`;
