// Jest Snapshot v1, https://goo.gl/fbAQLP

exports[`<NavLinks /> should match snapshot 1`] = `
.c1 {
  display: block;
  text-decoration: none;
  font-size: 1.6rem;
  padding: 0.8rem;
  color: #0A1128;
  position: relative;
  text-transform: uppercase;
}

.c1::after {
  content: '';
  position: absolute;
  bottom: 0.5rem;
  left: 50%;
  width: 0;
  height: 0.2rem;
  background-color: #dc143c;
  transition: all 300ms ease-in-out;
}

.c1:hover::after {
  left: 25%;
  width: 50%;
}

.c0 {
  display: flex;
  flex-flow: row wrap;
  align-items: center;
  justify-content: center;
  gap: 1rem;
}

@media (max-width: 768px) {
  .c1 {
    font-size: 2.4rem;
    padding: 2.4rem;
    text-align: center;
    min-height: 44px;
    display: block;
    width: 100%;
  }

  .c1::after {
    bottom: 0.5rem;
    width: 0;
  }

  .c1:hover::after {
    left: 25%;
    width: 50%;
  }
}

@media (max-width: 768px) {
  .c0 {
    flex-flow: column nowrap;
    align-items: stretch;
    width: 100%;
    margin-top: 2.4rem;
    max-height: 80vh;
    overflow-y: auto;
    padding-bottom: 3.2rem;
    gap: 0;
  }
}

<nav
  aria-label="Main menu"
  class="c0"
>
  <a
    class="c1"
    href="#target1"
    rel=""
    target="_self"
  >
    link 1
  </a>
  <a
    class="c1"
    href="#target2"
    rel=""
    target="_self"
  >
    link 2
  </a>
  <a
    class="c1"
    href="#target3"
    rel=""
    target="_self"
  >
    link 3
  </a>
  <a
    class="c1"
    href="#target4"
    rel=""
    target="_self"
  >
    link 4
  </a>
  <a
    class="c1"
    href="#target5"
    rel=""
    target="_self"
  >
    link 5
  </a>
  <a
    class="c1"
    href="#target6"
    rel=""
    target="_self"
  >
    link 6
  </a>
  <a
    class="c1"
    href="#target7"
    rel=""
    target="_self"
  >
    link 7
  </a>
  <a
    class="c1"
    href="#target8"
    rel=""
    target="_self"
  >
    link 8
  </a>
  <a
    class="c1"
    href="#target9"
    rel=""
    target="_self"
  >
    link 9
  </a>
  <a
    class="c1"
    href="#target10"
    rel=""
    target="_self"
  >
    link 10
  </a>
</nav>
`;
